<p id="results">HTMX DELETE request builder fragment - ID: 1</p>