<p id="results">HTMX PUT request fragment - ID: 1</p>