<p id="results">HTMX POST request builder fragment - ID: 1</p>