<p id="results">HTMX DELETE request fragment - ID: 1</p>