<p id="results">HTMX PATCH request builder fragment - ID: 1</p>