<p id="results">HTMX GET request builder fragment - ID: 1</p>