<p id="results">HTMX GET request fragment - ID: 1</p>