<p id="results">HTMX PUT request builder fragment - ID: 1</p>