<p id="results">HTMX PATCH request fragment - ID: 1</p>