<p id="results">HTMX POST request fragment - ID: 1</p>